[2m22:20:09[22m [33m[1m[vite][22m[39m [33m[2m(client)[22m[39m [2m[console.warn] [22mNo routes matched location "/register" 
[2m22:20:09[22m [33m[1m[vite][22m[39m [33m[2m(client)[22m[39m [2m[console.warn] [22mNo routes matched location "/register" 
[2m22:20:09[22m [33m[1m[vite][22m[39m [33m[2m(client)[22m[39m [2m[console.warn] [22m⚠️ React Router Future Flag Warning: React Router will begin wrapping state updates in `React.startTransition` in v7. You can use the `v7_startTransition` future flag to opt-in early. For more information, see https://reactrouter.com/v6/upgrading/future#v7_starttransition.
[2m22:20:09[22m [33m[1m[vite][22m[39m [33m[2m(client)[22m[39m [2m[console.warn] [22m⚠️ React Router Future Flag Warning: Relative route resolution within Splat routes is changing in v7. You can use the `v7_relativeSplatPath` future flag to opt-in early. For more information, see https://reactrouter.com/v6/upgrading/future#v7_relativesplatpath.
[2m22:20:14[22m [33m[1m[vite][22m[39m [33m[2m(client)[22m[39m [2m[console.warn] [22mNo routes matched location "/register" 
[2m22:20:14[22m [33m[1m[vite][22m[39m [33m[2m(client)[22m[39m [2m[console.warn] [22mNo routes matched location "/register" 
[2m22:20:14[22m [33m[1m[vite][22m[39m [33m[2m(client)[22m[39m [2m[console.warn] [22m⚠️ React Router Future Flag Warning: React Router will begin wrapping state updates in `React.startTransition` in v7. You can use the `v7_startTransition` future flag to opt-in early. For more information, see https://reactrouter.com/v6/upgrading/future#v7_starttransition.
[2m22:20:14[22m [33m[1m[vite][22m[39m [33m[2m(client)[22m[39m [2m[console.warn] [22m⚠️ React Router Future Flag Warning: Relative route resolution within Splat routes is changing in v7. You can use the `v7_relativeSplatPath` future flag to opt-in early. For more information, see https://reactrouter.com/v6/upgrading/future#v7_relativesplatpath.
[2m22:20:15[22m [33m[1m[vite][22m[39m [33m[2m(client)[22m[39m [2m[console.warn] [22mNo routes matched location "/register" 
[2m22:20:15[22m [33m[1m[vite][22m[39m [33m[2m(client)[22m[39m [2m[console.warn] [22mNo routes matched location "/register" 
[2m22:20:15[22m [33m[1m[vite][22m[39m [33m[2m(client)[22m[39m [2m[console.warn] [22m⚠️ React Router Future Flag Warning: React Router will begin wrapping state updates in `React.startTransition` in v7. You can use the `v7_startTransition` future flag to opt-in early. For more information, see https://reactrouter.com/v6/upgrading/future#v7_starttransition.
[2m22:20:15[22m [33m[1m[vite][22m[39m [33m[2m(client)[22m[39m [2m[console.warn] [22m⚠️ React Router Future Flag Warning: Relative route resolution within Splat routes is changing in v7. You can use the `v7_relativeSplatPath` future flag to opt-in early. For more information, see https://reactrouter.com/v6/upgrading/future#v7_relativesplatpath.
[2m22:20:18[22m [31m[1m[vite][22m[39m [31mhttp proxy error: /api/movies?page=0&size=8&sort=releaseDate%2Cdesc[39m
AggregateError [ECONNREFUSED]: 
    at internalConnectMultiple (node:net:1193:18)
    at afterConnectMultiple (node:net:1783:7)
[2m22:20:18[22m [31m[1m[vite][22m[39m [31m[2m(client)[22m[39m [31m[Unhandled rejection] [1mAxiosError[22m: Request failed with status code 502
[39m > settle node_modules/axios/lib/core/settle.js:19:11
 > XMLHttpRequest.onloadend node_modules/axios/lib/adapters/xhr.js:62:8

[2m22:20:18[22m [31m[1m[vite][22m[39m [31mhttp proxy error: /api/movies?page=0&size=8&sort=releaseDate%2Cdesc[39m
AggregateError [ECONNREFUSED]: 
    at internalConnectMultiple (node:net:1193:18)
    at afterConnectMultiple (node:net:1783:7)
[2m22:20:18[22m [31m[1m[vite][22m[39m [31m[2m(client)[22m[39m [31m[Unhandled rejection] [1mAxiosError[22m: Request failed with status code 502
[39m > settle node_modules/axios/lib/core/settle.js:19:11
 > XMLHttpRequest.onloadend node_modules/axios/lib/adapters/xhr.js:62:8

[2m22:20:19[22m [31m[1m[vite][22m[39m [31mhttp proxy error: /api/movies?page=0&size=8&sort=releaseDate%2Cdesc[39m
AggregateError [ECONNREFUSED]: 
    at internalConnectMultiple (node:net:1193:18)
    at afterConnectMultiple (node:net:1783:7)
[2m22:20:19[22m [31m[1m[vite][22m[39m [31m[2m(client)[22m[39m [31m[Unhandled rejection] [1mAxiosError[22m: Request failed with status code 502
[39m > settle node_modules/axios/lib/core/settle.js:19:11
 > XMLHttpRequest.onloadend node_modules/axios/lib/adapters/xhr.js:62:8

[2m22:20:19[22m [31m[1m[vite][22m[39m [31mhttp proxy error: /api/movies?page=0&size=8&sort=releaseDate%2Cdesc[39m
AggregateError [ECONNREFUSED]: 
    at internalConnectMultiple (node:net:1193:18)
    at afterConnectMultiple (node:net:1783:7)
[2m22:20:19[22m [31m[1m[vite][22m[39m [31m[2m(client)[22m[39m [31m[Unhandled rejection] [1mAxiosError[22m: Request failed with status code 502
[39m > settle node_modules/axios/lib/core/settle.js:19:11
 > XMLHttpRequest.onloadend node_modules/axios/lib/adapters/xhr.js:62:8

[2m22:20:26[22m [31m[1m[vite][22m[39m [31mhttp proxy error: /api/movies?page=0&size=8&sort=releaseDate%2Cdesc[39m
AggregateError [ECONNREFUSED]: 
    at internalConnectMultiple (node:net:1193:18)
    at afterConnectMultiple (node:net:1783:7)
[2m22:20:26[22m [31m[1m[vite][22m[39m [31m[2m(client)[22m[39m [31m[Unhandled rejection] [1mAxiosError[22m: Request failed with status code 502
[39m > settle node_modules/axios/lib/core/settle.js:19:11
 > XMLHttpRequest.onloadend node_modules/axios/lib/adapters/xhr.js:62:8

[2m22:20:26[22m [31m[1m[vite][22m[39m [31mhttp proxy error: /api/movies?page=0&size=8&sort=releaseDate%2Cdesc[39m
AggregateError [ECONNREFUSED]: 
    at internalConnectMultiple (node:net:1193:18)
    at afterConnectMultiple (node:net:1783:7)
[2m22:20:26[22m [31m[1m[vite][22m[39m [31m[2m(client)[22m[39m [31m[Unhandled rejection] [1mAxiosError[22m: Request failed with status code 502
[39m > settle node_modules/axios/lib/core/settle.js:19:11
 > XMLHttpRequest.onloadend node_modules/axios/lib/adapters/xhr.js:62:8

[2m22:20:53[22m [31m[1m[vite][22m[39m [31mhttp proxy error: /api/movies?page=0&size=8&sort=releaseDate%2Cdesc[39m
AggregateError [ECONNREFUSED]: 
    at internalConnectMultiple (node:net:1193:18)
    at afterConnectMultiple (node:net:1783:7)
[2m22:20:53[22m [31m[1m[vite][22m[39m [31mhttp proxy error: /api/movies?page=0&size=8&sort=releaseDate%2Cdesc[39m
AggregateError [ECONNREFUSED]: 
    at internalConnectMultiple (node:net:1193:18)
    at afterConnectMultiple (node:net:1783:7)
[2m22:20:53[22m [33m[1m[vite][22m[39m [33m[2m(client)[22m[39m [2m[console.warn] [22m⚠️ React Router Future Flag Warning: React Router will begin wrapping state updates in `React.startTransition` in v7. You can use the `v7_startTransition` future flag to opt-in early. For more information, see https://reactrouter.com/v6/upgrading/future#v7_starttransition.
[2m22:20:53[22m [33m[1m[vite][22m[39m [33m[2m(client)[22m[39m [2m[console.warn] [22m⚠️ React Router Future Flag Warning: Relative route resolution within Splat routes is changing in v7. You can use the `v7_relativeSplatPath` future flag to opt-in early. For more information, see https://reactrouter.com/v6/upgrading/future#v7_relativesplatpath.
[2m22:20:53[22m [31m[1m[vite][22m[39m [31m[2m(client)[22m[39m [31m[Unhandled rejection] [1mAxiosError[22m: Request failed with status code 502
[39m > settle node_modules/axios/lib/core/settle.js:19:11
 > XMLHttpRequest.onloadend node_modules/axios/lib/adapters/xhr.js:62:8

[2m22:20:53[22m [31m[1m[vite][22m[39m [31m[2m(client)[22m[39m [31m[Unhandled rejection] [1mAxiosError[22m: Request failed with status code 502
[39m > settle node_modules/axios/lib/core/settle.js:19:11
 > XMLHttpRequest.onloadend node_modules/axios/lib/adapters/xhr.js:62:8

[2m22:20:53[22m [31m[1m[vite][22m[39m [31mhttp proxy error: /api/movies?page=0&size=8&sort=releaseDate%2Cdesc[39m
AggregateError [ECONNREFUSED]: 
    at internalConnectMultiple (node:net:1193:18)
    at afterConnectMultiple (node:net:1783:7)
[2m22:20:53[22m [31m[1m[vite][22m[39m [31mhttp proxy error: /api/movies?page=0&size=8&sort=releaseDate%2Cdesc[39m
AggregateError [ECONNREFUSED]: 
    at internalConnectMultiple (node:net:1193:18)
    at afterConnectMultiple (node:net:1783:7)
[2m22:20:54[22m [31m[1m[vite][22m[39m [31mhttp proxy error: /api/movies?page=0&size=8&sort=releaseDate%2Cdesc[39m
AggregateError [ECONNREFUSED]: 
    at internalConnectMultiple (node:net:1193:18)
    at afterConnectMultiple (node:net:1783:7)
[2m22:20:54[22m [31m[1m[vite][22m[39m [31mhttp proxy error: /api/movies?page=0&size=8&sort=releaseDate%2Cdesc[39m
AggregateError [ECONNREFUSED]: 
    at internalConnectMultiple (node:net:1193:18)
    at afterConnectMultiple (node:net:1783:7)
[2m22:20:54[22m [31m[1m[vite][22m[39m [31mhttp proxy error: /api/movies?page=0&size=8&sort=releaseDate%2Cdesc[39m
AggregateError [ECONNREFUSED]: 
    at internalConnectMultiple (node:net:1193:18)
    at afterConnectMultiple (node:net:1783:7)
[2m22:20:54[22m [31m[1m[vite][22m[39m [31mhttp proxy error: /api/movies?page=0&size=8&sort=releaseDate%2Cdesc[39m
AggregateError [ECONNREFUSED]: 
    at internalConnectMultiple (node:net:1193:18)
    at afterConnectMultiple (node:net:1783:7)
[2m22:20:54[22m [31m[1m[vite][22m[39m [31mhttp proxy error: /api/movies?page=0&size=8&sort=releaseDate%2Cdesc[39m
AggregateError [ECONNREFUSED]: 
    at internalConnectMultiple (node:net:1193:18)
    at afterConnectMultiple (node:net:1783:7)
[2m22:20:54[22m [31m[1m[vite][22m[39m [31mhttp proxy error: /api/movies?page=0&size=8&sort=releaseDate%2Cdesc[39m
AggregateError [ECONNREFUSED]: 
    at internalConnectMultiple (node:net:1193:18)
    at afterConnectMultiple (node:net:1783:7)
[2m22:20:54[22m [33m[1m[vite][22m[39m [33m[2m(client)[22m[39m [2m[console.warn] [22m⚠️ React Router Future Flag Warning: React Router will begin wrapping state updates in `React.startTransition` in v7. You can use the `v7_startTransition` future flag to opt-in early. For more information, see https://reactrouter.com/v6/upgrading/future#v7_starttransition.
[2m22:20:54[22m [33m[1m[vite][22m[39m [33m[2m(client)[22m[39m [2m[console.warn] [22m⚠️ React Router Future Flag Warning: Relative route resolution within Splat routes is changing in v7. You can use the `v7_relativeSplatPath` future flag to opt-in early. For more information, see https://reactrouter.com/v6/upgrading/future#v7_relativesplatpath.
[2m22:20:54[22m [31m[1m[vite][22m[39m [31m[2m(client)[22m[39m [31m[Unhandled rejection] [1mAxiosError[22m: Request failed with status code 502
[39m > settle node_modules/axios/lib/core/settle.js:19:11
 > XMLHttpRequest.onloadend node_modules/axios/lib/adapters/xhr.js:62:8

[2m22:20:54[22m [31m[1m[vite][22m[39m [31m[2m(client)[22m[39m [31m[Unhandled rejection] [1mAxiosError[22m: Request failed with status code 502
[39m > settle node_modules/axios/lib/core/settle.js:19:11
 > XMLHttpRequest.onloadend node_modules/axios/lib/adapters/xhr.js:62:8

[2m22:20:59[22m [31m[1m[vite][22m[39m [31mhttp proxy error: /api/auth/login[39m
AggregateError [ECONNREFUSED]: 
    at internalConnectMultiple (node:net:1193:18)
    at afterConnectMultiple (node:net:1783:7)
[2m22:21:03[22m [31m[1m[vite][22m[39m [31mhttp proxy error: /api/auth/login[39m
AggregateError [ECONNREFUSED]: 
    at internalConnectMultiple (node:net:1193:18)
    at afterConnectMultiple (node:net:1783:7)
[2m22:21:04[22m [31m[1m[vite][22m[39m [31mhttp proxy error: /api/auth/login[39m
AggregateError [ECONNREFUSED]: 
    at internalConnectMultiple (node:net:1193:18)
    at afterConnectMultiple (node:net:1783:7)
[2m22:21:05[22m [31m[1m[vite][22m[39m [31mhttp proxy error: /api/auth/login[39m
AggregateError [ECONNREFUSED]: 
    at internalConnectMultiple (node:net:1193:18)
    at afterConnectMultiple (node:net:1783:7)
[2m22:21:05[22m [31m[1m[vite][22m[39m [31mhttp proxy error: /api/auth/login[39m
AggregateError [ECONNREFUSED]: 
    at internalConnectMultiple (node:net:1193:18)
    at afterConnectMultiple (node:net:1783:7)
[2m22:21:12[22m [31m[1m[vite][22m[39m [31mhttp proxy error: /api/auth/register[39m
AggregateError [ECONNREFUSED]: 
    at internalConnectMultiple (node:net:1193:18)
    at afterConnectMultiple (node:net:1783:7)
[2m22:21:13[22m [31m[1m[vite][22m[39m [31mhttp proxy error: /api/auth/register[39m
AggregateError [ECONNREFUSED]: 
    at internalConnectMultiple (node:net:1193:18)
    at afterConnectMultiple (node:net:1783:7)
[2m22:21:14[22m [31m[1m[vite][22m[39m [31mhttp proxy error: /api/auth/register[39m
AggregateError [ECONNREFUSED]: 
    at internalConnectMultiple (node:net:1193:18)
    at afterConnectMultiple (node:net:1783:7)
[2m22:25:41[22m [31m[1m[vite][22m[39m [31mhttp proxy error: /api/movies?page=0&size=8&sort=releaseDate%2Cdesc[39m
AggregateError [ECONNREFUSED]: 
    at internalConnectMultiple (node:net:1193:18)
    at afterConnectMultiple (node:net:1783:7)
[2m22:25:41[22m [31m[1m[vite][22m[39m [31mhttp proxy error: /api/movies?page=0&size=8&sort=releaseDate%2Cdesc[39m
AggregateError [ECONNREFUSED]: 
    at internalConnectMultiple (node:net:1193:18)
    at afterConnectMultiple (node:net:1783:7)
[2m22:25:41[22m [33m[1m[vite][22m[39m [33m[2m(client)[22m[39m [2m[console.warn] [22m⚠️ React Router Future Flag Warning: React Router will begin wrapping state updates in `React.startTransition` in v7. You can use the `v7_startTransition` future flag to opt-in early. For more information, see https://reactrouter.com/v6/upgrading/future#v7_starttransition.
[2m22:25:41[22m [33m[1m[vite][22m[39m [33m[2m(client)[22m[39m [2m[console.warn] [22m⚠️ React Router Future Flag Warning: Relative route resolution within Splat routes is changing in v7. You can use the `v7_relativeSplatPath` future flag to opt-in early. For more information, see https://reactrouter.com/v6/upgrading/future#v7_relativesplatpath.
[2m22:25:41[22m [31m[1m[vite][22m[39m [31m[2m(client)[22m[39m [31m[Unhandled rejection] [1mAxiosError[22m: Request failed with status code 502
[39m > settle node_modules/axios/lib/core/settle.js:19:11
 > XMLHttpRequest.onloadend node_modules/axios/lib/adapters/xhr.js:62:8

[2m22:25:41[22m [31m[1m[vite][22m[39m [31m[2m(client)[22m[39m [31m[Unhandled rejection] [1mAxiosError[22m: Request failed with status code 502
[39m > settle node_modules/axios/lib/core/settle.js:19:11
 > XMLHttpRequest.onloadend node_modules/axios/lib/adapters/xhr.js:62:8

[2m22:25:43[22m [31m[1m[vite][22m[39m [31mhttp proxy error: /api/movies?page=0&size=8&sort=releaseDate%2Cdesc[39m
AggregateError [ECONNREFUSED]: 
    at internalConnectMultiple (node:net:1193:18)
    at afterConnectMultiple (node:net:1783:7)
[2m22:25:43[22m [31m[1m[vite][22m[39m [31mhttp proxy error: /api/movies?page=0&size=8&sort=releaseDate%2Cdesc[39m
AggregateError [ECONNREFUSED]: 
    at internalConnectMultiple (node:net:1193:18)
    at afterConnectMultiple (node:net:1783:7)
[2m22:25:43[22m [33m[1m[vite][22m[39m [33m[2m(client)[22m[39m [2m[console.warn] [22m⚠️ React Router Future Flag Warning: React Router will begin wrapping state updates in `React.startTransition` in v7. You can use the `v7_startTransition` future flag to opt-in early. For more information, see https://reactrouter.com/v6/upgrading/future#v7_starttransition.
[2m22:25:43[22m [33m[1m[vite][22m[39m [33m[2m(client)[22m[39m [2m[console.warn] [22m⚠️ React Router Future Flag Warning: Relative route resolution within Splat routes is changing in v7. You can use the `v7_relativeSplatPath` future flag to opt-in early. For more information, see https://reactrouter.com/v6/upgrading/future#v7_relativesplatpath.
[2m22:25:43[22m [31m[1m[vite][22m[39m [31m[2m(client)[22m[39m [31m[Unhandled rejection] [1mAxiosError[22m: Request failed with status code 502
[39m > settle node_modules/axios/lib/core/settle.js:19:11
 > XMLHttpRequest.onloadend node_modules/axios/lib/adapters/xhr.js:62:8

[2m22:25:43[22m [31m[1m[vite][22m[39m [31m[2m(client)[22m[39m [31m[Unhandled rejection] [1mAxiosError[22m: Request failed with status code 502
[39m > settle node_modules/axios/lib/core/settle.js:19:11
 > XMLHttpRequest.onloadend node_modules/axios/lib/adapters/xhr.js:62:8

[2m22:25:43[22m [31m[1m[vite][22m[39m [31mhttp proxy error: /api/movies?page=0&size=8&sort=releaseDate%2Cdesc[39m
AggregateError [ECONNREFUSED]: 
    at internalConnectMultiple (node:net:1193:18)
    at afterConnectMultiple (node:net:1783:7)
[2m22:25:43[22m [31m[1m[vite][22m[39m [31mhttp proxy error: /api/movies?page=0&size=8&sort=releaseDate%2Cdesc[39m
AggregateError [ECONNREFUSED]: 
    at internalConnectMultiple (node:net:1193:18)
    at afterConnectMultiple (node:net:1783:7)
[2m22:25:44[22m [31m[1m[vite][22m[39m [31mhttp proxy error: /api/movies?page=0&size=8&sort=releaseDate%2Cdesc[39m
AggregateError [ECONNREFUSED]: 
    at internalConnectMultiple (node:net:1193:18)
    at afterConnectMultiple (node:net:1783:7)
[2m22:25:44[22m [31m[1m[vite][22m[39m [31mhttp proxy error: /api/movies?page=0&size=8&sort=releaseDate%2Cdesc[39m
AggregateError [ECONNREFUSED]: 
    at internalConnectMultiple (node:net:1193:18)
    at afterConnectMultiple (node:net:1783:7)
[2m22:25:44[22m [33m[1m[vite][22m[39m [33m[2m(client)[22m[39m [2m[console.warn] [22m⚠️ React Router Future Flag Warning: React Router will begin wrapping state updates in `React.startTransition` in v7. You can use the `v7_startTransition` future flag to opt-in early. For more information, see https://reactrouter.com/v6/upgrading/future#v7_starttransition.
[2m22:25:44[22m [33m[1m[vite][22m[39m [33m[2m(client)[22m[39m [2m[console.warn] [22m⚠️ React Router Future Flag Warning: Relative route resolution within Splat routes is changing in v7. You can use the `v7_relativeSplatPath` future flag to opt-in early. For more information, see https://reactrouter.com/v6/upgrading/future#v7_relativesplatpath.
[2m22:25:44[22m [31m[1m[vite][22m[39m [31m[2m(client)[22m[39m [31m[Unhandled rejection] [1mAxiosError[22m: Request failed with status code 502
[39m > settle node_modules/axios/lib/core/settle.js:19:11
 > XMLHttpRequest.onloadend node_modules/axios/lib/adapters/xhr.js:62:8

[2m22:25:44[22m [31m[1m[vite][22m[39m [31m[2m(client)[22m[39m [31m[Unhandled rejection] [1mAxiosError[22m: Request failed with status code 502
[39m > settle node_modules/axios/lib/core/settle.js:19:11
 > XMLHttpRequest.onloadend node_modules/axios/lib/adapters/xhr.js:62:8

[2m22:25:46[22m [31m[1m[vite][22m[39m [31mhttp proxy error: /api/movies?page=0&size=8&sort=releaseDate%2Cdesc[39m
AggregateError [ECONNREFUSED]: 
    at internalConnectMultiple (node:net:1193:18)
    at afterConnectMultiple (node:net:1783:7)
[2m22:25:46[22m [31m[1m[vite][22m[39m [31mhttp proxy error: /api/movies?page=0&size=8&sort=releaseDate%2Cdesc[39m
AggregateError [ECONNREFUSED]: 
    at internalConnectMultiple (node:net:1193:18)
    at afterConnectMultiple (node:net:1783:7)
[2m22:25:46[22m [31m[1m[vite][22m[39m [31mhttp proxy error: /api/movies?page=0&size=8&sort=releaseDate%2Cdesc[39m
AggregateError [ECONNREFUSED]: 
    at internalConnectMultiple (node:net:1193:18)
    at afterConnectMultiple (node:net:1783:7)
[2m22:25:46[22m [31m[1m[vite][22m[39m [31mhttp proxy error: /api/movies?page=0&size=8&sort=releaseDate%2Cdesc[39m
AggregateError [ECONNREFUSED]: 
    at internalConnectMultiple (node:net:1193:18)
    at afterConnectMultiple (node:net:1783:7)
[2m22:25:46[22m [31m[1m[vite][22m[39m [31mhttp proxy error: /api/movies?page=0&size=8&sort=releaseDate%2Cdesc[39m
AggregateError [ECONNREFUSED]: 
    at internalConnectMultiple (node:net:1193:18)
    at afterConnectMultiple (node:net:1783:7)
[2m22:25:46[22m [31m[1m[vite][22m[39m [31mhttp proxy error: /api/movies?page=0&size=8&sort=releaseDate%2Cdesc[39m
AggregateError [ECONNREFUSED]: 
    at internalConnectMultiple (node:net:1193:18)
    at afterConnectMultiple (node:net:1783:7)
[2m22:25:46[22m [31m[1m[vite][22m[39m [31mhttp proxy error: /api/movies?page=0&size=8&sort=releaseDate%2Cdesc[39m
AggregateError [ECONNREFUSED]: 
    at internalConnectMultiple (node:net:1193:18)
    at afterConnectMultiple (node:net:1783:7)
[2m22:25:46[22m [31m[1m[vite][22m[39m [31mhttp proxy error: /api/movies?page=0&size=8&sort=releaseDate%2Cdesc[39m
AggregateError [ECONNREFUSED]: 
    at internalConnectMultiple (node:net:1193:18)
    at afterConnectMultiple (node:net:1783:7)
[2m22:25:46[22m [31m[1m[vite][22m[39m [31mhttp proxy error: /api/movies?page=0&size=8&sort=releaseDate%2Cdesc[39m
AggregateError [ECONNREFUSED]: 
    at internalConnectMultiple (node:net:1193:18)
    at afterConnectMultiple (node:net:1783:7)
[2m22:25:46[22m [31m[1m[vite][22m[39m [31mhttp proxy error: /api/movies?page=0&size=8&sort=releaseDate%2Cdesc[39m
AggregateError [ECONNREFUSED]: 
    at internalConnectMultiple (node:net:1193:18)
    at afterConnectMultiple (node:net:1783:7)
[2m22:25:47[22m [33m[1m[vite][22m[39m [33m[2m(client)[22m[39m [2m[console.warn] [22m⚠️ React Router Future Flag Warning: React Router will begin wrapping state updates in `React.startTransition` in v7. You can use the `v7_startTransition` future flag to opt-in early. For more information, see https://reactrouter.com/v6/upgrading/future#v7_starttransition.
[2m22:25:47[22m [33m[1m[vite][22m[39m [33m[2m(client)[22m[39m [2m[console.warn] [22m⚠️ React Router Future Flag Warning: Relative route resolution within Splat routes is changing in v7. You can use the `v7_relativeSplatPath` future flag to opt-in early. For more information, see https://reactrouter.com/v6/upgrading/future#v7_relativesplatpath.
[2m22:25:47[22m [31m[1m[vite][22m[39m [31m[2m(client)[22m[39m [31m[Unhandled rejection] [1mAxiosError[22m: Request failed with status code 502
[39m > settle node_modules/axios/lib/core/settle.js:19:11
 > XMLHttpRequest.onloadend node_modules/axios/lib/adapters/xhr.js:62:8

[2m22:25:47[22m [31m[1m[vite][22m[39m [31m[2m(client)[22m[39m [31m[Unhandled rejection] [1mAxiosError[22m: Request failed with status code 502
[39m > settle node_modules/axios/lib/core/settle.js:19:11
 > XMLHttpRequest.onloadend node_modules/axios/lib/adapters/xhr.js:62:8

[2m22:25:55[22m [31m[1m[vite][22m[39m [31mhttp proxy error: /api/movies?page=0&size=8&sort=releaseDate%2Cdesc[39m
AggregateError [ECONNREFUSED]: 
    at internalConnectMultiple (node:net:1193:18)
    at afterConnectMultiple (node:net:1783:7)
[2m22:25:55[22m [31m[1m[vite][22m[39m [31m[2m(client)[22m[39m [31m[Unhandled rejection] [1mAxiosError[22m: Request failed with status code 502
[39m > settle node_modules/axios/lib/core/settle.js:19:11
 > XMLHttpRequest.onloadend node_modules/axios/lib/adapters/xhr.js:62:8

[2m22:25:55[22m [31m[1m[vite][22m[39m [31mhttp proxy error: /api/movies?page=0&size=8&sort=releaseDate%2Cdesc[39m
AggregateError [ECONNREFUSED]: 
    at internalConnectMultiple (node:net:1193:18)
    at afterConnectMultiple (node:net:1783:7)
[2m22:25:55[22m [31m[1m[vite][22m[39m [31m[2m(client)[22m[39m [31m[Unhandled rejection] [1mAxiosError[22m: Request failed with status code 502
[39m > settle node_modules/axios/lib/core/settle.js:19:11
 > XMLHttpRequest.onloadend node_modules/axios/lib/adapters/xhr.js:62:8

[2m22:25:58[22m [31m[1m[vite][22m[39m [31mhttp proxy error: /api/movies?page=0&size=8&sort=releaseDate%2Cdesc[39m
AggregateError [ECONNREFUSED]: 
    at internalConnectMultiple (node:net:1193:18)
    at afterConnectMultiple (node:net:1783:7)
[2m22:25:58[22m [31m[1m[vite][22m[39m [31mhttp proxy error: /api/movies?page=0&size=8&sort=releaseDate%2Cdesc[39m
AggregateError [ECONNREFUSED]: 
    at internalConnectMultiple (node:net:1193:18)
    at afterConnectMultiple (node:net:1783:7)
[2m22:25:58[22m [31m[1m[vite][22m[39m [31mhttp proxy error: /api/movies?page=0&size=8&sort=releaseDate%2Cdesc[39m
AggregateError [ECONNREFUSED]: 
    at internalConnectMultiple (node:net:1193:18)
    at afterConnectMultiple (node:net:1783:7)
[2m22:25:58[22m [31m[1m[vite][22m[39m [31mhttp proxy error: /api/movies?page=0&size=8&sort=releaseDate%2Cdesc[39m
AggregateError [ECONNREFUSED]: 
    at internalConnectMultiple (node:net:1193:18)
    at afterConnectMultiple (node:net:1783:7)
[2m22:25:58[22m [31m[1m[vite][22m[39m [31mhttp proxy error: /api/movies?page=0&size=8&sort=releaseDate%2Cdesc[39m
AggregateError [ECONNREFUSED]: 
    at internalConnectMultiple (node:net:1193:18)
    at afterConnectMultiple (node:net:1783:7)
[2m22:25:58[22m [31m[1m[vite][22m[39m [31mhttp proxy error: /api/movies?page=0&size=8&sort=releaseDate%2Cdesc[39m
AggregateError [ECONNREFUSED]: 
    at internalConnectMultiple (node:net:1193:18)
    at afterConnectMultiple (node:net:1783:7)
[2m22:25:59[22m [33m[1m[vite][22m[39m [33m[2m(client)[22m[39m [2m[console.warn] [22m⚠️ React Router Future Flag Warning: React Router will begin wrapping state updates in `React.startTransition` in v7. You can use the `v7_startTransition` future flag to opt-in early. For more information, see https://reactrouter.com/v6/upgrading/future#v7_starttransition.
[2m22:25:59[22m [33m[1m[vite][22m[39m [33m[2m(client)[22m[39m [2m[console.warn] [22m⚠️ React Router Future Flag Warning: Relative route resolution within Splat routes is changing in v7. You can use the `v7_relativeSplatPath` future flag to opt-in early. For more information, see https://reactrouter.com/v6/upgrading/future#v7_relativesplatpath.
[2m22:25:59[22m [31m[1m[vite][22m[39m [31m[2m(client)[22m[39m [31m[Unhandled rejection] [1mAxiosError[22m: Request failed with status code 502
[39m > settle node_modules/axios/lib/core/settle.js:19:11
 > XMLHttpRequest.onloadend node_modules/axios/lib/adapters/xhr.js:62:8

[2m22:25:59[22m [31m[1m[vite][22m[39m [31m[2m(client)[22m[39m [31m[Unhandled rejection] [1mAxiosError[22m: Request failed with status code 502
[39m > settle node_modules/axios/lib/core/settle.js:19:11
 > XMLHttpRequest.onloadend node_modules/axios/lib/adapters/xhr.js:62:8

[2m22:25:59[22m [31m[1m[vite][22m[39m [31mhttp proxy error: /api/movies?page=0&size=8&sort=releaseDate%2Cdesc[39m
AggregateError [ECONNREFUSED]: 
    at internalConnectMultiple (node:net:1193:18)
    at afterConnectMultiple (node:net:1783:7)
[2m22:25:59[22m [31m[1m[vite][22m[39m [31mhttp proxy error: /api/movies?page=0&size=8&sort=releaseDate%2Cdesc[39m
AggregateError [ECONNREFUSED]: 
    at internalConnectMultiple (node:net:1193:18)
    at afterConnectMultiple (node:net:1783:7)
[2m22:25:59[22m [31m[1m[vite][22m[39m [31mhttp proxy error: /api/movies?page=0&size=8&sort=releaseDate%2Cdesc[39m
AggregateError [ECONNREFUSED]: 
    at internalConnectMultiple (node:net:1193:18)
    at afterConnectMultiple (node:net:1783:7)
[2m22:25:59[22m [31m[1m[vite][22m[39m [31mhttp proxy error: /api/movies?page=0&size=8&sort=releaseDate%2Cdesc[39m
AggregateError [ECONNREFUSED]: 
    at internalConnectMultiple (node:net:1193:18)
    at afterConnectMultiple (node:net:1783:7)
[2m22:25:59[22m [31m[1m[vite][22m[39m [31mhttp proxy error: /api/movies?page=0&size=8&sort=releaseDate%2Cdesc[39m
AggregateError [ECONNREFUSED]: 
    at internalConnectMultiple (node:net:1193:18)
    at afterConnectMultiple (node:net:1783:7)
[2m22:25:59[22m [31m[1m[vite][22m[39m [31mhttp proxy error: /api/movies?page=0&size=8&sort=releaseDate%2Cdesc[39m
AggregateError [ECONNREFUSED]: 
    at internalConnectMultiple (node:net:1193:18)
    at afterConnectMultiple (node:net:1783:7)
[2m22:25:59[22m [31m[1m[vite][22m[39m [31mhttp proxy error: /api/movies?page=0&size=8&sort=releaseDate%2Cdesc[39m
AggregateError [ECONNREFUSED]: 
    at internalConnectMultiple (node:net:1193:18)
    at afterConnectMultiple (node:net:1783:7)
[2m22:25:59[22m [31m[1m[vite][22m[39m [31mhttp proxy error: /api/movies?page=0&size=8&sort=releaseDate%2Cdesc[39m
AggregateError [ECONNREFUSED]: 
    at internalConnectMultiple (node:net:1193:18)
    at afterConnectMultiple (node:net:1783:7)
[2m22:25:59[22m [33m[1m[vite][22m[39m [33m[2m(client)[22m[39m [2m[console.warn] [22m⚠️ React Router Future Flag Warning: React Router will begin wrapping state updates in `React.startTransition` in v7. You can use the `v7_startTransition` future flag to opt-in early. For more information, see https://reactrouter.com/v6/upgrading/future#v7_starttransition.
[2m22:25:59[22m [33m[1m[vite][22m[39m [33m[2m(client)[22m[39m [2m[console.warn] [22m⚠️ React Router Future Flag Warning: Relative route resolution within Splat routes is changing in v7. You can use the `v7_relativeSplatPath` future flag to opt-in early. For more information, see https://reactrouter.com/v6/upgrading/future#v7_relativesplatpath.
[2m22:25:59[22m [31m[1m[vite][22m[39m [31m[2m(client)[22m[39m [31m[Unhandled rejection] [1mAxiosError[22m: Request failed with status code 502
[39m > settle node_modules/axios/lib/core/settle.js:19:11
 > XMLHttpRequest.onloadend node_modules/axios/lib/adapters/xhr.js:62:8

[2m22:25:59[22m [31m[1m[vite][22m[39m [31m[2m(client)[22m[39m [31m[Unhandled rejection] [1mAxiosError[22m: Request failed with status code 502
[39m > settle node_modules/axios/lib/core/settle.js:19:11
 > XMLHttpRequest.onloadend node_modules/axios/lib/adapters/xhr.js:62:8

[2m22:26:06[22m [31m[1m[vite][22m[39m [31mhttp proxy error: /api/movies?page=0&size=8&sort=releaseDate%2Cdesc[39m
AggregateError [ECONNREFUSED]: 
    at internalConnectMultiple (node:net:1193:18)
    at afterConnectMultiple (node:net:1783:7)
[2m22:26:06[22m [31m[1m[vite][22m[39m [31mhttp proxy error: /api/movies?page=0&size=8&sort=releaseDate%2Cdesc[39m
AggregateError [ECONNREFUSED]: 
    at internalConnectMultiple (node:net:1193:18)
    at afterConnectMultiple (node:net:1783:7)
[2m22:26:06[22m [31m[1m[vite][22m[39m [31mhttp proxy error: /api/movies?page=0&size=8&sort=releaseDate%2Cdesc[39m
AggregateError [ECONNREFUSED]: 
    at internalConnectMultiple (node:net:1193:18)
    at afterConnectMultiple (node:net:1783:7)
[2m22:26:06[22m [31m[1m[vite][22m[39m [31mhttp proxy error: /api/movies?page=0&size=8&sort=releaseDate%2Cdesc[39m
AggregateError [ECONNREFUSED]: 
    at internalConnectMultiple (node:net:1193:18)
    at afterConnectMultiple (node:net:1783:7)
[2m22:26:07[22m [31m[1m[vite][22m[39m [31mhttp proxy error: /api/movies?page=0&size=8&sort=releaseDate%2Cdesc[39m
AggregateError [ECONNREFUSED]: 
    at internalConnectMultiple (node:net:1193:18)
    at afterConnectMultiple (node:net:1783:7)
[2m22:26:07[22m [31m[1m[vite][22m[39m [31mhttp proxy error: /api/movies?page=0&size=8&sort=releaseDate%2Cdesc[39m
AggregateError [ECONNREFUSED]: 
    at internalConnectMultiple (node:net:1193:18)
    at afterConnectMultiple (node:net:1783:7)
[2m22:26:07[22m [31m[1m[vite][22m[39m [31mhttp proxy error: /api/movies?page=0&size=8&sort=releaseDate%2Cdesc[39m
AggregateError [ECONNREFUSED]: 
    at internalConnectMultiple (node:net:1193:18)
    at afterConnectMultiple (node:net:1783:7)
[2m22:26:07[22m [31m[1m[vite][22m[39m [31mhttp proxy error: /api/movies?page=0&size=8&sort=releaseDate%2Cdesc[39m
AggregateError [ECONNREFUSED]: 
    at internalConnectMultiple (node:net:1193:18)
    at afterConnectMultiple (node:net:1783:7)
[2m22:26:07[22m [31m[1m[vite][22m[39m [31mhttp proxy error: /api/movies?page=0&size=8&sort=releaseDate%2Cdesc[39m
AggregateError [ECONNREFUSED]: 
    at internalConnectMultiple (node:net:1193:18)
    at afterConnectMultiple (node:net:1783:7)
[2m22:26:07[22m [31m[1m[vite][22m[39m [31mhttp proxy error: /api/movies?page=0&size=8&sort=releaseDate%2Cdesc[39m
AggregateError [ECONNREFUSED]: 
    at internalConnectMultiple (node:net:1193:18)
    at afterConnectMultiple (node:net:1783:7)
[2m22:26:07[22m [31m[1m[vite][22m[39m [31mhttp proxy error: /api/movies?page=0&size=8&sort=releaseDate%2Cdesc[39m
AggregateError [ECONNREFUSED]: 
    at internalConnectMultiple (node:net:1193:18)
    at afterConnectMultiple (node:net:1783:7)
[2m22:26:07[22m [31m[1m[vite][22m[39m [31mhttp proxy error: /api/movies?page=0&size=8&sort=releaseDate%2Cdesc[39m
AggregateError [ECONNREFUSED]: 
    at internalConnectMultiple (node:net:1193:18)
    at afterConnectMultiple (node:net:1783:7)
[2m22:26:07[22m [33m[1m[vite][22m[39m [33m[2m(client)[22m[39m [2m[console.warn] [22m⚠️ React Router Future Flag Warning: React Router will begin wrapping state updates in `React.startTransition` in v7. You can use the `v7_startTransition` future flag to opt-in early. For more information, see https://reactrouter.com/v6/upgrading/future#v7_starttransition.
[2m22:26:07[22m [33m[1m[vite][22m[39m [33m[2m(client)[22m[39m [2m[console.warn] [22m⚠️ React Router Future Flag Warning: Relative route resolution within Splat routes is changing in v7. You can use the `v7_relativeSplatPath` future flag to opt-in early. For more information, see https://reactrouter.com/v6/upgrading/future#v7_relativesplatpath.
[2m22:26:07[22m [31m[1m[vite][22m[39m [31m[2m(client)[22m[39m [31m[Unhandled rejection] [1mAxiosError[22m: Request failed with status code 502
[39m > settle node_modules/axios/lib/core/settle.js:19:11
 > XMLHttpRequest.onloadend node_modules/axios/lib/adapters/xhr.js:62:8

[2m22:26:07[22m [31m[1m[vite][22m[39m [31m[2m(client)[22m[39m [31m[Unhandled rejection] [1mAxiosError[22m: Request failed with status code 502
[39m > settle node_modules/axios/lib/core/settle.js:19:11
 > XMLHttpRequest.onloadend node_modules/axios/lib/adapters/xhr.js:62:8

[2m22:26:15[22m [31m[1m[vite][22m[39m [31mhttp proxy error: /api/movies?page=0&size=8&sort=releaseDate%2Cdesc[39m
AggregateError [ECONNREFUSED]: 
    at internalConnectMultiple (node:net:1193:18)
    at afterConnectMultiple (node:net:1783:7)
[2m22:26:15[22m [31m[1m[vite][22m[39m [31mhttp proxy error: /api/movies?page=0&size=8&sort=releaseDate%2Cdesc[39m
AggregateError [ECONNREFUSED]: 
    at internalConnectMultiple (node:net:1193:18)
    at afterConnectMultiple (node:net:1783:7)
[2m22:26:16[22m [33m[1m[vite][22m[39m [33m[2m(client)[22m[39m [2m[console.warn] [22m⚠️ React Router Future Flag Warning: React Router will begin wrapping state updates in `React.startTransition` in v7. You can use the `v7_startTransition` future flag to opt-in early. For more information, see https://reactrouter.com/v6/upgrading/future#v7_starttransition.
[2m22:26:16[22m [33m[1m[vite][22m[39m [33m[2m(client)[22m[39m [2m[console.warn] [22m⚠️ React Router Future Flag Warning: Relative route resolution within Splat routes is changing in v7. You can use the `v7_relativeSplatPath` future flag to opt-in early. For more information, see https://reactrouter.com/v6/upgrading/future#v7_relativesplatpath.
[2m22:26:16[22m [31m[1m[vite][22m[39m [31m[2m(client)[22m[39m [31m[Unhandled rejection] [1mAxiosError[22m: Request failed with status code 502
[39m > settle node_modules/axios/lib/core/settle.js:19:11
 > XMLHttpRequest.onloadend node_modules/axios/lib/adapters/xhr.js:62:8

[2m22:26:16[22m [31m[1m[vite][22m[39m [31m[2m(client)[22m[39m [31m[Unhandled rejection] [1mAxiosError[22m: Request failed with status code 502
[39m > settle node_modules/axios/lib/core/settle.js:19:11
 > XMLHttpRequest.onloadend node_modules/axios/lib/adapters/xhr.js:62:8

[2m22:32:10[22m [33m[1m[vite][22m[39m [33m[2m(client)[22m[39m [2m[console.warn] [22m⚠️ React Router Future Flag Warning: React Router will begin wrapping state updates in `React.startTransition` in v7. You can use the `v7_startTransition` future flag to opt-in early. For more information, see https://reactrouter.com/v6/upgrading/future#v7_starttransition.
[2m22:32:10[22m [33m[1m[vite][22m[39m [33m[2m(client)[22m[39m [2m[console.warn] [22m⚠️ React Router Future Flag Warning: Relative route resolution within Splat routes is changing in v7. You can use the `v7_relativeSplatPath` future flag to opt-in early. For more information, see https://reactrouter.com/v6/upgrading/future#v7_relativesplatpath.
